(array([ 0.1696842 ,  0.17702092,  0.23346439,  0.36019127,  0.26781242,
       56.38213152,  1.20148369,  0.17578903,  0.31193926,  0.18330308,
        0.21197508,  0.37530301,  0.28788008]), array([[  -2.77324332],
       [  -2.89315151],
       [  -3.81563842],
       [  -5.88680641],
       [  -4.37700749],
       [-921.48455892],
       [ -19.63651673],
       [  -2.87301805],
       [  -5.09819693],
       [  -2.99582419],
       [  -3.4644268 ],
       [  -6.13378595],
       [  -4.70498437]]))