[  0.29951677   0.31425578   0.42415342   0.67668019   0.49182098
 112.71959711   2.35832001   0.31012922   0.58081984   0.32667403
   0.38277268   0.70811177   0.53496992]