(array([ 0.149758,  0.157128,  0.212077,  0.33834 ,  0.24591 , 56.359799,
        1.17916 ,  0.155065,  0.29041 ,  0.163337,  0.191386,  0.354056,
        0.267485]), array([[  -2.447585],
       [  -2.568029],
       [  -3.466088],
       [  -5.529681],
       [  -4.019052],
       [-921.119559],
       [ -19.271668],
       [  -2.534307],
       [  -4.746331],
       [  -2.669508],
       [  -3.127933],
       [  -5.786532],
       [  -4.371656]]))